[kwxhm.weblium.site/index.html]
[backblue.gif]
[fade.gif]
[index.html]
[kwxhm.weblium.site/sw.ef4589c10e95a79b2e129e2961fbe6c4.js]
[kwxhm.weblium.site/get]
[kwxhm.weblium.site/site/686cd57eefe1a147756d5a90/google-fonts-5c2dfa623dbc4a0023e12261.css]
[kwxhm.weblium.site/site/686cd57eefe1a147756d5a90/core-theme-5c2dfa623dbc4a0023e12261.css]
[kwxhm.weblium.site/site/686cd57eefe1a147756d5a90/style23a8.css]
[wl-apps.yourwebsite.life/social-icons/1.0.64/components/SocialIcons/ssr.css]
[wl-apps.yourwebsite.life/contact-form/2.1.620/components/ContactForm/ssr.css]
[kwxhm.weblium.site/common/core.min.js]
[kwxhm.weblium.site/site/686cd57eefe1a147756d5a90/initial.js]
[kwxhm.weblium.site/site/686cd57eefe1a147756d5a90/page-5c2dfa623dbc4a0023e12261.js]
[kwxhm.weblium.site/site/686cd57eefe1a147756d5a90/view-5c2dfa623dbc4a0023e12261.js]
[wl-apps.yourwebsite.life/contact-form/2.1.620/components/ContactForm/view.js]
[kwxhm.weblium.site/site/686cd57eefe1a147756d5a90/main.js]
[kwxhm.weblium.site/index.html]
[kwxhm.weblium.site/get.html]
[kwxhm.weblium.site/get.html]
[kwxhm.weblium.site/site/686cd57eefe1a147756d5a90/google-fonts-5c2dfa623dbc4a0023e12261.css]
[kwxhm.weblium.site/site/686cd57eefe1a147756d5a90/core-theme-5c2dfa623dbc4a0023e12261.css]
[kwxhm.weblium.site/site/686cd57eefe1a147756d5a90/style23a8.css]
[wl-apps.yourwebsite.life/social-icons/1.0.64/components/SocialIcons/ssr.css]
[wl-apps.yourwebsite.life/contact-form/2.1.620/components/ContactForm/ssr.css]
[kwxhm.weblium.site/editor/static/site-stat.js]
